node : (node:5236) 
[MONGODB DRIVER] 
Warning: 
useNewUrlParser is a 
deprecated option: 
useNewUrlParser has 
no effect since 
Node.js Driver 
version 4.0.0 and 
will be removed in 
the next major 
version
At line:1 char:1
+ node server.js > 
error_log.txt 2>&1
+ ~~~~~~~~~~~~~~~~~~~
~~~~~~~~~~~~~~~~
    + CategoryInfo   
           : NotSpe  
  cified: ((node:5   
 236) [MO...t maj    
or version:Strin    
g) [], RemoteExc    
eption
    + FullyQualified 
   ErrorId : Native  
  CommandError
 
(Use `node 
--trace-warnings 
...` to show where 
the warning was 
created)
(node:5236) [MONGODB 
DRIVER] Warning: 
useUnifiedTopology 
is a deprecated 
option: 
useUnifiedTopology 
has no effect since 
Node.js Driver 
version 4.0.0 and 
will be removed in 
the next major 
version
≡ƒÜÇ Server running on port 5000
≡ƒôí API: http://localhost:5000/api
≡ƒÅÑ Health: http://localhost:5000/api/health
Γ¥î Error: querySrv 
EBADNAME 
_mongodb._tcp.8105>
